[2024-09-26T00:38:46.314+0530][gc,heap] Heap region size: 1M
[2024-09-26T00:38:46.324+0530][gc     ] Using G1
[2024-09-26T00:38:46.324+0530][gc,heap,coops] Heap address: 0x00000000c0000000, size: 1024 MB, Compressed Oops mode: 32-bit
[2024-09-26T00:38:46.324+0530][gc,cds       ] Mark closed archive regions in map: [0x00000000fff00000, 0x00000000fff6bff8]
[2024-09-26T00:38:46.324+0530][gc,cds       ] Mark open archive regions in map: [0x00000000ffe00000, 0x00000000ffe47ff8]
[2024-09-26T00:38:46.828+0530][gc,start     ] GC(0) Pause Young (Normal) (G1 Evacuation Pause)
[2024-09-26T00:38:46.829+0530][gc,task      ] GC(0) Using 10 workers of 10 for evacuation
[2024-09-26T00:38:46.834+0530][gc,phases    ] GC(0)   Pre Evacuate Collection Set: 0.0ms
[2024-09-26T00:38:46.834+0530][gc,phases    ] GC(0)   Evacuate Collection Set: 4.0ms
[2024-09-26T00:38:46.834+0530][gc,phases    ] GC(0)   Post Evacuate Collection Set: 0.4ms
[2024-09-26T00:38:46.834+0530][gc,phases    ] GC(0)   Other: 1.1ms
[2024-09-26T00:38:46.834+0530][gc,heap      ] GC(0) Eden regions: 51->0(44)
[2024-09-26T00:38:46.834+0530][gc,heap      ] GC(0) Survivor regions: 0->7(7)
[2024-09-26T00:38:46.834+0530][gc,heap      ] GC(0) Old regions: 2->3
[2024-09-26T00:38:46.834+0530][gc,heap      ] GC(0) Humongous regions: 0->0
[2024-09-26T00:38:46.834+0530][gc,metaspace ] GC(0) Metaspace: 13378K(14080K)->13378K(14080K) NonClass: 11560K(12032K)->11560K(12032K) Class: 1817K(2048K)->1817K(2048K)
[2024-09-26T00:38:46.834+0530][gc           ] GC(0) Pause Young (Normal) (G1 Evacuation Pause) 51M->8M(1024M) 5.681ms
[2024-09-26T00:38:46.834+0530][gc,cpu       ] GC(0) User=0.04s Sys=0.00s Real=0.00s
[2024-09-26T00:38:47.126+0530][gc,start     ] GC(1) Pause Young (Concurrent Start) (Metadata GC Threshold)
[2024-09-26T00:38:47.126+0530][gc,task      ] GC(1) Using 10 workers of 10 for evacuation
[2024-09-26T00:38:47.132+0530][gc,phases    ] GC(1)   Pre Evacuate Collection Set: 0.1ms
[2024-09-26T00:38:47.132+0530][gc,phases    ] GC(1)   Evacuate Collection Set: 5.1ms
[2024-09-26T00:38:47.132+0530][gc,phases    ] GC(1)   Post Evacuate Collection Set: 0.5ms
[2024-09-26T00:38:47.132+0530][gc,phases    ] GC(1)   Other: 0.2ms
[2024-09-26T00:38:47.132+0530][gc,heap      ] GC(1) Eden regions: 34->0(49)
[2024-09-26T00:38:47.132+0530][gc,heap      ] GC(1) Survivor regions: 7->2(7)
[2024-09-26T00:38:47.132+0530][gc,heap      ] GC(1) Old regions: 3->10
[2024-09-26T00:38:47.132+0530][gc,heap      ] GC(1) Humongous regions: 0->0
[2024-09-26T00:38:47.132+0530][gc,metaspace ] GC(1) Metaspace: 20588K(21248K)->20588K(21248K) NonClass: 17786K(18176K)->17786K(18176K) Class: 2801K(3072K)->2801K(3072K)
[2024-09-26T00:38:47.132+0530][gc           ] GC(1) Pause Young (Concurrent Start) (Metadata GC Threshold) 41M->9M(1024M) 5.964ms
[2024-09-26T00:38:47.132+0530][gc,cpu       ] GC(1) User=0.02s Sys=0.00s Real=0.00s
[2024-09-26T00:38:47.132+0530][gc           ] GC(2) Concurrent Cycle
[2024-09-26T00:38:47.132+0530][gc,marking   ] GC(2) Concurrent Clear Claimed Marks
[2024-09-26T00:38:47.132+0530][gc,marking   ] GC(2) Concurrent Clear Claimed Marks 0.078ms
[2024-09-26T00:38:47.132+0530][gc,marking   ] GC(2) Concurrent Scan Root Regions
[2024-09-26T00:38:47.133+0530][gc,marking   ] GC(2) Concurrent Scan Root Regions 1.181ms
[2024-09-26T00:38:47.133+0530][gc,marking   ] GC(2) Concurrent Mark (0.822s)
[2024-09-26T00:38:47.133+0530][gc,marking   ] GC(2) Concurrent Mark From Roots
[2024-09-26T00:38:47.133+0530][gc,task      ] GC(2) Using 3 workers of 3 for marking
[2024-09-26T00:38:47.136+0530][gc,marking   ] GC(2) Concurrent Mark From Roots 2.919ms
[2024-09-26T00:38:47.136+0530][gc,marking   ] GC(2) Concurrent Preclean
[2024-09-26T00:38:47.136+0530][gc,marking   ] GC(2) Concurrent Preclean 0.063ms
[2024-09-26T00:38:47.136+0530][gc,marking   ] GC(2) Concurrent Mark (0.822s, 0.825s) 3.026ms
[2024-09-26T00:38:47.136+0530][gc,start     ] GC(2) Pause Remark
[2024-09-26T00:38:47.137+0530][gc,stringtable] GC(2) Cleaned string and symbol table, strings: 5795 processed, 0 removed, symbols: 54604 processed, 60 removed
[2024-09-26T00:38:47.138+0530][gc            ] GC(2) Pause Remark 9M->9M(1024M) 1.524ms
[2024-09-26T00:38:47.138+0530][gc,cpu        ] GC(2) User=0.00s Sys=0.00s Real=0.01s
[2024-09-26T00:38:47.138+0530][gc,marking    ] GC(2) Concurrent Rebuild Remembered Sets
[2024-09-26T00:38:47.139+0530][gc,marking    ] GC(2) Concurrent Rebuild Remembered Sets 1.689ms
[2024-09-26T00:38:47.139+0530][gc,start      ] GC(2) Pause Cleanup
[2024-09-26T00:38:47.140+0530][gc            ] GC(2) Pause Cleanup 10M->10M(1024M) 0.155ms
[2024-09-26T00:38:47.140+0530][gc,cpu        ] GC(2) User=0.00s Sys=0.00s Real=0.00s
[2024-09-26T00:38:47.140+0530][gc,marking    ] GC(2) Concurrent Cleanup for Next Mark
[2024-09-26T00:38:47.142+0530][gc,marking    ] GC(2) Concurrent Cleanup for Next Mark 1.968ms
[2024-09-26T00:38:47.142+0530][gc            ] GC(2) Concurrent Cycle 9.997ms
[2024-09-26T00:38:47.455+0530][gc,start      ] GC(3) Pause Young (Normal) (G1 Evacuation Pause)
[2024-09-26T00:38:47.455+0530][gc,task       ] GC(3) Using 10 workers of 10 for evacuation
[2024-09-26T00:38:47.456+0530][gc,phases     ] GC(3)   Pre Evacuate Collection Set: 0.0ms
[2024-09-26T00:38:47.456+0530][gc,phases     ] GC(3)   Evacuate Collection Set: 1.2ms
[2024-09-26T00:38:47.456+0530][gc,phases     ] GC(3)   Post Evacuate Collection Set: 0.2ms
[2024-09-26T00:38:47.456+0530][gc,phases     ] GC(3)   Other: 0.1ms
[2024-09-26T00:38:47.456+0530][gc,heap       ] GC(3) Eden regions: 49->0(47)
[2024-09-26T00:38:47.456+0530][gc,heap       ] GC(3) Survivor regions: 2->4(7)
[2024-09-26T00:38:47.456+0530][gc,heap       ] GC(3) Old regions: 10->10
[2024-09-26T00:38:47.456+0530][gc,heap       ] GC(3) Humongous regions: 129->129
[2024-09-26T00:38:47.456+0530][gc,metaspace  ] GC(3) Metaspace: 28926K(30080K)->28926K(30080K) NonClass: 25207K(25856K)->25207K(25856K) Class: 3718K(4224K)->3718K(4224K)
[2024-09-26T00:38:47.456+0530][gc            ] GC(3) Pause Young (Normal) (G1 Evacuation Pause) 187M->140M(1024M) 1.547ms
[2024-09-26T00:38:47.456+0530][gc,cpu        ] GC(3) User=0.01s Sys=0.00s Real=0.00s
[2024-09-26T00:38:47.681+0530][gc,start      ] GC(4) Pause Young (Concurrent Start) (Metadata GC Threshold)
[2024-09-26T00:38:47.681+0530][gc,task       ] GC(4) Using 10 workers of 10 for evacuation
[2024-09-26T00:38:47.685+0530][gc,phases     ] GC(4)   Pre Evacuate Collection Set: 0.1ms
[2024-09-26T00:38:47.685+0530][gc,phases     ] GC(4)   Evacuate Collection Set: 3.0ms
[2024-09-26T00:38:47.685+0530][gc,phases     ] GC(4)   Post Evacuate Collection Set: 0.3ms
[2024-09-26T00:38:47.685+0530][gc,phases     ] GC(4)   Other: 0.2ms
[2024-09-26T00:38:47.685+0530][gc,heap       ] GC(4) Eden regions: 35->0(44)
[2024-09-26T00:38:47.685+0530][gc,heap       ] GC(4) Survivor regions: 4->7(7)
[2024-09-26T00:38:47.685+0530][gc,heap       ] GC(4) Old regions: 10->10
[2024-09-26T00:38:47.685+0530][gc,heap       ] GC(4) Humongous regions: 129->129
[2024-09-26T00:38:47.685+0530][gc,metaspace  ] GC(4) Metaspace: 34625K(35840K)->34625K(35840K) NonClass: 30337K(30976K)->30337K(30976K) Class: 4288K(4864K)->4288K(4864K)
[2024-09-26T00:38:47.685+0530][gc            ] GC(4) Pause Young (Concurrent Start) (Metadata GC Threshold) 174M->143M(1024M) 3.653ms
[2024-09-26T00:38:47.685+0530][gc,cpu        ] GC(4) User=0.03s Sys=0.00s Real=0.01s
[2024-09-26T00:38:47.685+0530][gc            ] GC(5) Concurrent Cycle
[2024-09-26T00:38:47.685+0530][gc,marking    ] GC(5) Concurrent Clear Claimed Marks
[2024-09-26T00:38:47.685+0530][gc,marking    ] GC(5) Concurrent Clear Claimed Marks 0.118ms
[2024-09-26T00:38:47.685+0530][gc,marking    ] GC(5) Concurrent Scan Root Regions
[2024-09-26T00:38:47.687+0530][gc,marking    ] GC(5) Concurrent Scan Root Regions 1.788ms
[2024-09-26T00:38:47.687+0530][gc,marking    ] GC(5) Concurrent Mark (1.376s)
[2024-09-26T00:38:47.687+0530][gc,marking    ] GC(5) Concurrent Mark From Roots
[2024-09-26T00:38:47.687+0530][gc,task       ] GC(5) Using 3 workers of 3 for marking
[2024-09-26T00:38:47.691+0530][gc,marking    ] GC(5) Concurrent Mark From Roots 3.430ms
[2024-09-26T00:38:47.691+0530][gc,marking    ] GC(5) Concurrent Preclean
[2024-09-26T00:38:47.691+0530][gc,marking    ] GC(5) Concurrent Preclean 0.061ms
[2024-09-26T00:38:47.691+0530][gc,marking    ] GC(5) Concurrent Mark (1.376s, 1.379s) 3.517ms
[2024-09-26T00:38:47.691+0530][gc,start      ] GC(5) Pause Remark
[2024-09-26T00:38:47.694+0530][gc,stringtable] GC(5) Cleaned string and symbol table, strings: 11844 processed, 12 removed, symbols: 90567 processed, 17 removed
[2024-09-26T00:38:47.694+0530][gc            ] GC(5) Pause Remark 145M->145M(1024M) 2.970ms
[2024-09-26T00:38:47.694+0530][gc,cpu        ] GC(5) User=0.02s Sys=0.00s Real=0.00s
[2024-09-26T00:38:47.694+0530][gc,marking    ] GC(5) Concurrent Rebuild Remembered Sets
[2024-09-26T00:38:47.695+0530][gc,marking    ] GC(5) Concurrent Rebuild Remembered Sets 1.503ms
[2024-09-26T00:38:47.696+0530][gc,start      ] GC(5) Pause Cleanup
[2024-09-26T00:38:47.696+0530][gc            ] GC(5) Pause Cleanup 145M->145M(1024M) 0.094ms
[2024-09-26T00:38:47.696+0530][gc,cpu        ] GC(5) User=0.00s Sys=0.00s Real=0.00s
[2024-09-26T00:38:47.696+0530][gc,marking    ] GC(5) Concurrent Cleanup for Next Mark
[2024-09-26T00:38:47.698+0530][gc,marking    ] GC(5) Concurrent Cleanup for Next Mark 2.005ms
[2024-09-26T00:38:47.698+0530][gc            ] GC(5) Concurrent Cycle 12.560ms
[2024-09-26T01:03:09.576+0530][gc,start      ] GC(6) Pause Young (Normal) (G1 Evacuation Pause)
[2024-09-26T01:03:09.576+0530][gc,task       ] GC(6) Using 10 workers of 10 for evacuation
[2024-09-26T01:03:09.579+0530][gc,phases     ] GC(6)   Pre Evacuate Collection Set: 0.2ms
[2024-09-26T01:03:09.579+0530][gc,phases     ] GC(6)   Evacuate Collection Set: 2.8ms
[2024-09-26T01:03:09.579+0530][gc,phases     ] GC(6)   Post Evacuate Collection Set: 0.4ms
[2024-09-26T01:03:09.579+0530][gc,phases     ] GC(6)   Other: 0.1ms
[2024-09-26T01:03:09.579+0530][gc,heap       ] GC(6) Eden regions: 44->0(45)
[2024-09-26T01:03:09.579+0530][gc,heap       ] GC(6) Survivor regions: 7->6(7)
[2024-09-26T01:03:09.579+0530][gc,heap       ] GC(6) Old regions: 10->13
[2024-09-26T01:03:09.579+0530][gc,heap       ] GC(6) Humongous regions: 129->129
[2024-09-26T01:03:09.579+0530][gc,metaspace  ] GC(6) Metaspace: 40747K(42828K)->40747K(42828K) NonClass: 35278K(36352K)->35278K(36352K) Class: 5468K(6476K)->5468K(6476K)
[2024-09-26T01:03:09.579+0530][gc            ] GC(6) Pause Young (Normal) (G1 Evacuation Pause) 187M->145M(1024M) 3.496ms
[2024-09-26T01:03:09.579+0530][gc,cpu        ] GC(6) User=0.03s Sys=0.00s Real=0.01s
[2024-09-26T01:03:38.928+0530][gc,heap,exit  ] Heap
[2024-09-26T01:03:38.928+0530][gc,heap,exit  ]  garbage-first heap   total 1048576K, used 163377K [0x00000000c0000000, 0x0000000100000000)
[2024-09-26T01:03:38.928+0530][gc,heap,exit  ]   region size 1024K, 21 young (21504K), 6 survivors (6144K)
[2024-09-26T01:03:38.928+0530][gc,heap,exit  ]  Metaspace       used 42513K, capacity 44922K, committed 45004K, reserved 1087488K
[2024-09-26T01:03:38.928+0530][gc,heap,exit  ]   class space    used 5888K, capacity 7067K, committed 7116K, reserved 1048576K
