[2024-09-26T01:03:41.269+0530][gc,heap] Heap region size: 1M
[2024-09-26T01:03:41.276+0530][gc     ] Using G1
[2024-09-26T01:03:41.276+0530][gc,heap,coops] Heap address: 0x00000000c0000000, size: 1024 MB, Compressed Oops mode: 32-bit
[2024-09-26T01:03:41.276+0530][gc,cds       ] Mark closed archive regions in map: [0x00000000fff00000, 0x00000000fff6bff8]
[2024-09-26T01:03:41.276+0530][gc,cds       ] Mark open archive regions in map: [0x00000000ffe00000, 0x00000000ffe47ff8]
[2024-09-26T01:03:41.782+0530][gc,start     ] GC(0) Pause Young (Normal) (G1 Evacuation Pause)
[2024-09-26T01:03:41.783+0530][gc,task      ] GC(0) Using 10 workers of 10 for evacuation
[2024-09-26T01:03:41.786+0530][gc,phases    ] GC(0)   Pre Evacuate Collection Set: 0.0ms
[2024-09-26T01:03:41.786+0530][gc,phases    ] GC(0)   Evacuate Collection Set: 2.8ms
[2024-09-26T01:03:41.786+0530][gc,phases    ] GC(0)   Post Evacuate Collection Set: 0.4ms
[2024-09-26T01:03:41.786+0530][gc,phases    ] GC(0)   Other: 0.8ms
[2024-09-26T01:03:41.786+0530][gc,heap      ] GC(0) Eden regions: 51->0(44)
[2024-09-26T01:03:41.786+0530][gc,heap      ] GC(0) Survivor regions: 0->7(7)
[2024-09-26T01:03:41.786+0530][gc,heap      ] GC(0) Old regions: 2->3
[2024-09-26T01:03:41.786+0530][gc,heap      ] GC(0) Humongous regions: 0->0
[2024-09-26T01:03:41.786+0530][gc,metaspace ] GC(0) Metaspace: 13409K(14080K)->13409K(14080K) NonClass: 11587K(12032K)->11587K(12032K) Class: 1822K(2048K)->1822K(2048K)
[2024-09-26T01:03:41.786+0530][gc           ] GC(0) Pause Young (Normal) (G1 Evacuation Pause) 51M->8M(1024M) 4.080ms
[2024-09-26T01:03:41.786+0530][gc,cpu       ] GC(0) User=0.03s Sys=0.00s Real=0.01s
[2024-09-26T01:03:42.057+0530][gc,start     ] GC(1) Pause Young (Concurrent Start) (Metadata GC Threshold)
[2024-09-26T01:03:42.057+0530][gc,task      ] GC(1) Using 10 workers of 10 for evacuation
[2024-09-26T01:03:42.061+0530][gc,phases    ] GC(1)   Pre Evacuate Collection Set: 0.1ms
[2024-09-26T01:03:42.061+0530][gc,phases    ] GC(1)   Evacuate Collection Set: 3.4ms
[2024-09-26T01:03:42.061+0530][gc,phases    ] GC(1)   Post Evacuate Collection Set: 0.3ms
[2024-09-26T01:03:42.061+0530][gc,phases    ] GC(1)   Other: 0.2ms
[2024-09-26T01:03:42.061+0530][gc,heap      ] GC(1) Eden regions: 33->0(49)
[2024-09-26T01:03:42.061+0530][gc,heap      ] GC(1) Survivor regions: 7->2(7)
[2024-09-26T01:03:42.061+0530][gc,heap      ] GC(1) Old regions: 3->10
[2024-09-26T01:03:42.061+0530][gc,heap      ] GC(1) Humongous regions: 0->0
[2024-09-26T01:03:42.061+0530][gc,metaspace ] GC(1) Metaspace: 20518K(21248K)->20518K(21248K) NonClass: 17749K(18176K)->17749K(18176K) Class: 2768K(3072K)->2768K(3072K)
[2024-09-26T01:03:42.061+0530][gc           ] GC(1) Pause Young (Concurrent Start) (Metadata GC Threshold) 40M->9M(1024M) 4.005ms
[2024-09-26T01:03:42.061+0530][gc,cpu       ] GC(1) User=0.03s Sys=0.00s Real=0.00s
[2024-09-26T01:03:42.061+0530][gc           ] GC(2) Concurrent Cycle
[2024-09-26T01:03:42.061+0530][gc,marking   ] GC(2) Concurrent Clear Claimed Marks
[2024-09-26T01:03:42.061+0530][gc,marking   ] GC(2) Concurrent Clear Claimed Marks 0.048ms
[2024-09-26T01:03:42.061+0530][gc,marking   ] GC(2) Concurrent Scan Root Regions
[2024-09-26T01:03:42.062+0530][gc,marking   ] GC(2) Concurrent Scan Root Regions 0.786ms
[2024-09-26T01:03:42.062+0530][gc,marking   ] GC(2) Concurrent Mark (0.795s)
[2024-09-26T01:03:42.062+0530][gc,marking   ] GC(2) Concurrent Mark From Roots
[2024-09-26T01:03:42.062+0530][gc,task      ] GC(2) Using 3 workers of 3 for marking
[2024-09-26T01:03:42.065+0530][gc,marking   ] GC(2) Concurrent Mark From Roots 2.679ms
[2024-09-26T01:03:42.065+0530][gc,marking   ] GC(2) Concurrent Preclean
[2024-09-26T01:03:42.065+0530][gc,marking   ] GC(2) Concurrent Preclean 0.063ms
[2024-09-26T01:03:42.065+0530][gc,marking   ] GC(2) Concurrent Mark (0.795s, 0.798s) 2.758ms
[2024-09-26T01:03:42.065+0530][gc,start     ] GC(2) Pause Remark
[2024-09-26T01:03:42.067+0530][gc,stringtable] GC(2) Cleaned string and symbol table, strings: 5730 processed, 0 removed, symbols: 54615 processed, 59 removed
[2024-09-26T01:03:42.067+0530][gc            ] GC(2) Pause Remark 9M->9M(1024M) 1.883ms
[2024-09-26T01:03:42.067+0530][gc,cpu        ] GC(2) User=0.01s Sys=0.00s Real=0.00s
[2024-09-26T01:03:42.067+0530][gc,marking    ] GC(2) Concurrent Rebuild Remembered Sets
[2024-09-26T01:03:42.068+0530][gc,marking    ] GC(2) Concurrent Rebuild Remembered Sets 1.315ms
[2024-09-26T01:03:42.068+0530][gc,start      ] GC(2) Pause Cleanup
[2024-09-26T01:03:42.068+0530][gc            ] GC(2) Pause Cleanup 9M->9M(1024M) 0.072ms
[2024-09-26T01:03:42.069+0530][gc,cpu        ] GC(2) User=0.00s Sys=0.01s Real=0.00s
[2024-09-26T01:03:42.069+0530][gc,marking    ] GC(2) Concurrent Cleanup for Next Mark
[2024-09-26T01:03:42.070+0530][gc,marking    ] GC(2) Concurrent Cleanup for Next Mark 1.895ms
[2024-09-26T01:03:42.071+0530][gc            ] GC(2) Concurrent Cycle 9.317ms
[2024-09-26T01:03:42.384+0530][gc,start      ] GC(3) Pause Young (Normal) (G1 Evacuation Pause)
[2024-09-26T01:03:42.384+0530][gc,task       ] GC(3) Using 10 workers of 10 for evacuation
[2024-09-26T01:03:42.386+0530][gc,phases     ] GC(3)   Pre Evacuate Collection Set: 0.0ms
[2024-09-26T01:03:42.386+0530][gc,phases     ] GC(3)   Evacuate Collection Set: 1.3ms
[2024-09-26T01:03:42.386+0530][gc,phases     ] GC(3)   Post Evacuate Collection Set: 0.2ms
[2024-09-26T01:03:42.386+0530][gc,phases     ] GC(3)   Other: 0.1ms
[2024-09-26T01:03:42.386+0530][gc,heap       ] GC(3) Eden regions: 49->0(47)
[2024-09-26T01:03:42.386+0530][gc,heap       ] GC(3) Survivor regions: 2->4(7)
[2024-09-26T01:03:42.386+0530][gc,heap       ] GC(3) Old regions: 10->10
[2024-09-26T01:03:42.386+0530][gc,heap       ] GC(3) Humongous regions: 129->129
[2024-09-26T01:03:42.386+0530][gc,metaspace  ] GC(3) Metaspace: 29243K(30592K)->29243K(30592K) NonClass: 25524K(26368K)->25524K(26368K) Class: 3718K(4224K)->3718K(4224K)
[2024-09-26T01:03:42.386+0530][gc            ] GC(3) Pause Young (Normal) (G1 Evacuation Pause) 187M->140M(1024M) 1.753ms
[2024-09-26T01:03:42.386+0530][gc,cpu        ] GC(3) User=0.00s Sys=0.01s Real=0.01s
[2024-09-26T01:03:42.619+0530][gc,start      ] GC(4) Pause Young (Concurrent Start) (Metadata GC Threshold)
[2024-09-26T01:03:42.619+0530][gc,task       ] GC(4) Using 10 workers of 10 for evacuation
[2024-09-26T01:03:42.622+0530][gc,phases     ] GC(4)   Pre Evacuate Collection Set: 0.2ms
[2024-09-26T01:03:42.622+0530][gc,phases     ] GC(4)   Evacuate Collection Set: 3.0ms
[2024-09-26T01:03:42.622+0530][gc,phases     ] GC(4)   Post Evacuate Collection Set: 0.3ms
[2024-09-26T01:03:42.622+0530][gc,phases     ] GC(4)   Other: 0.3ms
[2024-09-26T01:03:42.622+0530][gc,heap       ] GC(4) Eden regions: 37->0(44)
[2024-09-26T01:03:42.622+0530][gc,heap       ] GC(4) Survivor regions: 4->7(7)
[2024-09-26T01:03:42.622+0530][gc,heap       ] GC(4) Old regions: 10->10
[2024-09-26T01:03:42.622+0530][gc,heap       ] GC(4) Humongous regions: 129->129
[2024-09-26T01:03:42.622+0530][gc,metaspace  ] GC(4) Metaspace: 34526K(35840K)->34526K(35840K) NonClass: 30163K(30848K)->30163K(30848K) Class: 4362K(4992K)->4362K(4992K)
[2024-09-26T01:03:42.622+0530][gc            ] GC(4) Pause Young (Concurrent Start) (Metadata GC Threshold) 176M->143M(1024M) 3.696ms
[2024-09-26T01:03:42.622+0530][gc,cpu        ] GC(4) User=0.02s Sys=0.01s Real=0.00s
[2024-09-26T01:03:42.622+0530][gc            ] GC(5) Concurrent Cycle
[2024-09-26T01:03:42.622+0530][gc,marking    ] GC(5) Concurrent Clear Claimed Marks
[2024-09-26T01:03:42.622+0530][gc,marking    ] GC(5) Concurrent Clear Claimed Marks 0.145ms
[2024-09-26T01:03:42.622+0530][gc,marking    ] GC(5) Concurrent Scan Root Regions
[2024-09-26T01:03:42.625+0530][gc,marking    ] GC(5) Concurrent Scan Root Regions 2.077ms
[2024-09-26T01:03:42.625+0530][gc,marking    ] GC(5) Concurrent Mark (1.358s)
[2024-09-26T01:03:42.625+0530][gc,marking    ] GC(5) Concurrent Mark From Roots
[2024-09-26T01:03:42.625+0530][gc,task       ] GC(5) Using 3 workers of 3 for marking
[2024-09-26T01:03:42.629+0530][gc,marking    ] GC(5) Concurrent Mark From Roots 4.309ms
[2024-09-26T01:03:42.629+0530][gc,marking    ] GC(5) Concurrent Preclean
[2024-09-26T01:03:42.629+0530][gc,marking    ] GC(5) Concurrent Preclean 0.095ms
[2024-09-26T01:03:42.629+0530][gc,marking    ] GC(5) Concurrent Mark (1.358s, 1.362s) 4.469ms
[2024-09-26T01:03:42.629+0530][gc,start      ] GC(5) Pause Remark
[2024-09-26T01:03:42.634+0530][gc,stringtable] GC(5) Cleaned string and symbol table, strings: 10050 processed, 12 removed, symbols: 86590 processed, 18 removed
[2024-09-26T01:03:42.635+0530][gc            ] GC(5) Pause Remark 144M->144M(1024M) 5.584ms
[2024-09-26T01:03:42.635+0530][gc,cpu        ] GC(5) User=0.05s Sys=0.00s Real=0.00s
[2024-09-26T01:03:42.635+0530][gc,marking    ] GC(5) Concurrent Rebuild Remembered Sets
[2024-09-26T01:03:42.636+0530][gc,marking    ] GC(5) Concurrent Rebuild Remembered Sets 1.405ms
[2024-09-26T01:03:42.636+0530][gc,start      ] GC(5) Pause Cleanup
[2024-09-26T01:03:42.637+0530][gc            ] GC(5) Pause Cleanup 145M->145M(1024M) 0.122ms
[2024-09-26T01:03:42.637+0530][gc,cpu        ] GC(5) User=0.01s Sys=0.00s Real=0.01s
[2024-09-26T01:03:42.637+0530][gc,marking    ] GC(5) Concurrent Cleanup for Next Mark
[2024-09-26T01:03:42.639+0530][gc,marking    ] GC(5) Concurrent Cleanup for Next Mark 2.567ms
[2024-09-26T01:03:42.639+0530][gc            ] GC(5) Concurrent Cycle 16.906ms
[2024-09-26T01:04:55.652+0530][gc,start      ] GC(6) Pause Young (Normal) (G1 Evacuation Pause)
[2024-09-26T01:04:55.652+0530][gc,task       ] GC(6) Using 10 workers of 10 for evacuation
[2024-09-26T01:04:55.659+0530][gc,phases     ] GC(6)   Pre Evacuate Collection Set: 0.0ms
[2024-09-26T01:04:55.659+0530][gc,phases     ] GC(6)   Evacuate Collection Set: 6.2ms
[2024-09-26T01:04:55.659+0530][gc,phases     ] GC(6)   Post Evacuate Collection Set: 0.7ms
[2024-09-26T01:04:55.659+0530][gc,phases     ] GC(6)   Other: 0.2ms
[2024-09-26T01:04:55.659+0530][gc,heap       ] GC(6) Eden regions: 44->0(48)
[2024-09-26T01:04:55.659+0530][gc,heap       ] GC(6) Survivor regions: 7->3(7)
[2024-09-26T01:04:55.659+0530][gc,heap       ] GC(6) Old regions: 10->16
[2024-09-26T01:04:55.659+0530][gc,heap       ] GC(6) Humongous regions: 129->129
[2024-09-26T01:04:55.659+0530][gc,metaspace  ] GC(6) Metaspace: 41787K(44032K)->41787K(44032K) NonClass: 36221K(37376K)->36221K(37376K) Class: 5565K(6656K)->5565K(6656K)
[2024-09-26T01:04:55.659+0530][gc            ] GC(6) Pause Young (Normal) (G1 Evacuation Pause) 187M->146M(1024M) 7.216ms
[2024-09-26T01:04:55.659+0530][gc,cpu        ] GC(6) User=0.06s Sys=0.00s Real=0.01s
[2024-09-26T01:09:26.795+0530][gc,start      ] GC(7) Pause Young (Normal) (G1 Evacuation Pause)
[2024-09-26T01:09:26.795+0530][gc,task       ] GC(7) Using 10 workers of 10 for evacuation
[2024-09-26T01:09:26.801+0530][gc,phases     ] GC(7)   Pre Evacuate Collection Set: 0.0ms
[2024-09-26T01:09:26.801+0530][gc,phases     ] GC(7)   Evacuate Collection Set: 4.5ms
[2024-09-26T01:09:26.801+0530][gc,phases     ] GC(7)   Post Evacuate Collection Set: 0.7ms
[2024-09-26T01:09:26.801+0530][gc,phases     ] GC(7)   Other: 0.3ms
[2024-09-26T01:09:26.801+0530][gc,heap       ] GC(7) Eden regions: 48->0(46)
[2024-09-26T01:09:26.801+0530][gc,heap       ] GC(7) Survivor regions: 3->5(7)
[2024-09-26T01:09:26.801+0530][gc,heap       ] GC(7) Old regions: 16->16
[2024-09-26T01:09:26.801+0530][gc,heap       ] GC(7) Humongous regions: 129->129
[2024-09-26T01:09:26.801+0530][gc,metaspace  ] GC(7) Metaspace: 42927K(45568K)->42927K(45568K) NonClass: 37228K(38656K)->37228K(38656K) Class: 5699K(6912K)->5699K(6912K)
[2024-09-26T01:09:26.801+0530][gc            ] GC(7) Pause Young (Normal) (G1 Evacuation Pause) 194M->147M(1024M) 5.742ms
[2024-09-26T01:09:26.801+0530][gc,cpu        ] GC(7) User=0.04s Sys=0.00s Real=0.01s
[2024-09-26T01:14:23.732+0530][gc,start      ] GC(8) Pause Young (Normal) (G1 Evacuation Pause)
[2024-09-26T01:14:23.732+0530][gc,task       ] GC(8) Using 10 workers of 10 for evacuation
[2024-09-26T01:14:23.737+0530][gc,phases     ] GC(8)   Pre Evacuate Collection Set: 0.0ms
[2024-09-26T01:14:23.737+0530][gc,phases     ] GC(8)   Evacuate Collection Set: 4.8ms
[2024-09-26T01:14:23.737+0530][gc,phases     ] GC(8)   Post Evacuate Collection Set: 0.4ms
[2024-09-26T01:14:23.737+0530][gc,phases     ] GC(8)   Other: 0.3ms
[2024-09-26T01:14:23.737+0530][gc,heap       ] GC(8) Eden regions: 46->0(49)
[2024-09-26T01:14:23.737+0530][gc,heap       ] GC(8) Survivor regions: 5->2(7)
[2024-09-26T01:14:23.737+0530][gc,heap       ] GC(8) Old regions: 16->18
[2024-09-26T01:14:23.737+0530][gc,heap       ] GC(8) Humongous regions: 129->129
[2024-09-26T01:14:23.737+0530][gc,metaspace  ] GC(8) Metaspace: 43044K(45568K)->43044K(45568K) NonClass: 37338K(38656K)->37338K(38656K) Class: 5705K(6912K)->5705K(6912K)
[2024-09-26T01:14:23.737+0530][gc            ] GC(8) Pause Young (Normal) (G1 Evacuation Pause) 193M->146M(1024M) 5.450ms
[2024-09-26T01:14:23.737+0530][gc,cpu        ] GC(8) User=0.05s Sys=0.00s Real=0.01s
[2024-09-26T01:19:41.841+0530][gc,start      ] GC(9) Pause Young (Normal) (G1 Evacuation Pause)
[2024-09-26T01:19:41.841+0530][gc,task       ] GC(9) Using 10 workers of 10 for evacuation
[2024-09-26T01:19:41.847+0530][gc,phases     ] GC(9)   Pre Evacuate Collection Set: 0.0ms
[2024-09-26T01:19:41.847+0530][gc,phases     ] GC(9)   Evacuate Collection Set: 4.4ms
[2024-09-26T01:19:41.847+0530][gc,phases     ] GC(9)   Post Evacuate Collection Set: 0.6ms
[2024-09-26T01:19:41.847+0530][gc,phases     ] GC(9)   Other: 0.3ms
[2024-09-26T01:19:41.847+0530][gc,heap       ] GC(9) Eden regions: 49->0(51)
[2024-09-26T01:19:41.847+0530][gc,heap       ] GC(9) Survivor regions: 2->4(7)
[2024-09-26T01:19:41.847+0530][gc,heap       ] GC(9) Old regions: 18->18
[2024-09-26T01:19:41.847+0530][gc,heap       ] GC(9) Humongous regions: 129->129
[2024-09-26T01:19:41.847+0530][gc,metaspace  ] GC(9) Metaspace: 43099K(45568K)->43099K(45568K) NonClass: 37392K(38656K)->37392K(38656K) Class: 5706K(6912K)->5706K(6912K)
[2024-09-26T01:19:41.847+0530][gc            ] GC(9) Pause Young (Normal) (G1 Evacuation Pause) 195M->148M(1024M) 5.430ms
[2024-09-26T01:19:41.847+0530][gc,cpu        ] GC(9) User=0.04s Sys=0.00s Real=0.01s
[2024-09-26T01:23:06.686+0530][gc,heap,exit  ] Heap
[2024-09-26T01:23:06.686+0530][gc,heap,exit  ]  garbage-first heap   total 1048576K, used 193592K [0x00000000c0000000, 0x0000000100000000)
[2024-09-26T01:23:06.686+0530][gc,heap,exit  ]   region size 1024K, 47 young (48128K), 4 survivors (4096K)
[2024-09-26T01:23:06.686+0530][gc,heap,exit  ]  Metaspace       used 44308K, capacity 46794K, committed 46976K, reserved 1089536K
[2024-09-26T01:23:06.686+0530][gc,heap,exit  ]   class space    used 5965K, capacity 7177K, committed 7296K, reserved 1048576K
