[2024-09-26T00:35:20.292+0530][gc,heap] Heap region size: 1M
[2024-09-26T00:35:20.298+0530][gc     ] Using G1
[2024-09-26T00:35:20.298+0530][gc,heap,coops] Heap address: 0x00000000c0000000, size: 1024 MB, Compressed Oops mode: 32-bit
[2024-09-26T00:35:20.298+0530][gc,cds       ] Mark closed archive regions in map: [0x00000000fff00000, 0x00000000fff6bff8]
[2024-09-26T00:35:20.298+0530][gc,cds       ] Mark open archive regions in map: [0x00000000ffe00000, 0x00000000ffe47ff8]
[2024-09-26T00:35:20.823+0530][gc,start     ] GC(0) Pause Young (Normal) (G1 Evacuation Pause)
[2024-09-26T00:35:20.824+0530][gc,task      ] GC(0) Using 10 workers of 10 for evacuation
[2024-09-26T00:35:20.828+0530][gc,phases    ] GC(0)   Pre Evacuate Collection Set: 0.0ms
[2024-09-26T00:35:20.828+0530][gc,phases    ] GC(0)   Evacuate Collection Set: 3.6ms
[2024-09-26T00:35:20.828+0530][gc,phases    ] GC(0)   Post Evacuate Collection Set: 0.3ms
[2024-09-26T00:35:20.828+0530][gc,phases    ] GC(0)   Other: 0.7ms
[2024-09-26T00:35:20.828+0530][gc,heap      ] GC(0) Eden regions: 51->0(44)
[2024-09-26T00:35:20.828+0530][gc,heap      ] GC(0) Survivor regions: 0->7(7)
[2024-09-26T00:35:20.828+0530][gc,heap      ] GC(0) Old regions: 2->3
[2024-09-26T00:35:20.828+0530][gc,heap      ] GC(0) Humongous regions: 0->0
[2024-09-26T00:35:20.828+0530][gc,metaspace ] GC(0) Metaspace: 13394K(14080K)->13394K(14080K) NonClass: 11579K(12032K)->11579K(12032K) Class: 1815K(2048K)->1815K(2048K)
[2024-09-26T00:35:20.828+0530][gc           ] GC(0) Pause Young (Normal) (G1 Evacuation Pause) 51M->8M(1024M) 4.723ms
[2024-09-26T00:35:20.828+0530][gc,cpu       ] GC(0) User=0.03s Sys=0.01s Real=0.01s
[2024-09-26T00:35:39.740+0530][gc,heap,exit ] Heap
[2024-09-26T00:35:39.740+0530][gc,heap,exit ]  garbage-first heap   total 1048576K, used 17578K [0x00000000c0000000, 0x0000000100000000)
[2024-09-26T00:35:39.740+0530][gc,heap,exit ]   region size 1024K, 17 young (17408K), 7 survivors (7168K)
[2024-09-26T00:35:39.740+0530][gc,heap,exit ]  Metaspace       used 14858K, capacity 15373K, committed 15616K, reserved 1062912K
[2024-09-26T00:35:39.740+0530][gc,heap,exit ]   class space    used 2045K, capacity 2255K, committed 2304K, reserved 1048576K
